###############################################################################
#
# IAR ELF Linker V7.50.2.10312/W32 for ARM                05/Jan/2016  17:07:05
# Copyright 2007-2015 IAR Systems AB.
#
#    Output file  =  
#        C:\Users\Eric\Documents\IAR Embedded
#        Workbench\arm\7.50.2\NXP\LPC24xx\IAR-LPC-2478\VirtualCom\Flash
#        Debug\Exe\virtual_com.out.tmp
#    Map file     =  
#        C:\Users\Eric\Documents\IAR Embedded
#        Workbench\arm\7.50.2\NXP\LPC24xx\IAR-LPC-2478\VirtualCom\Flash
#        Debug\List\virtual_com.map
#    Command line =  
#        "C:\Users\Eric\Documents\IAR Embedded
#        Workbench\arm\7.50.2\NXP\LPC24xx\IAR-LPC-2478\VirtualCom\Flash
#        Debug\Obj\cd_class.o" "C:\Users\Eric\Documents\IAR Embedded
#        Workbench\arm\7.50.2\NXP\LPC24xx\IAR-LPC-2478\VirtualCom\Flash
#        Debug\Obj\drv_glcd.o" "C:\Users\Eric\Documents\IAR Embedded
#        Workbench\arm\7.50.2\NXP\LPC24xx\IAR-LPC-2478\VirtualCom\Flash
#        Debug\Obj\iar_logo.o" "C:\Users\Eric\Documents\IAR Embedded
#        Workbench\arm\7.50.2\NXP\LPC24xx\IAR-LPC-2478\VirtualCom\Flash
#        Debug\Obj\main.o" "C:\Users\Eric\Documents\IAR Embedded
#        Workbench\arm\7.50.2\NXP\LPC24xx\IAR-LPC-2478\VirtualCom\Flash
#        Debug\Obj\sdram_64M_32bit_drv.o" "C:\Users\Eric\Documents\IAR Embedded
#        Workbench\arm\7.50.2\NXP\LPC24xx\IAR-LPC-2478\VirtualCom\Flash
#        Debug\Obj\sys.o" "C:\Users\Eric\Documents\IAR Embedded
#        Workbench\arm\7.50.2\NXP\LPC24xx\IAR-LPC-2478\VirtualCom\Flash
#        Debug\Obj\Terminal_18_24x12.o" "C:\Users\Eric\Documents\IAR Embedded
#        Workbench\arm\7.50.2\NXP\LPC24xx\IAR-LPC-2478\VirtualCom\Flash
#        Debug\Obj\Terminal_6_8x6.o" "C:\Users\Eric\Documents\IAR Embedded
#        Workbench\arm\7.50.2\NXP\LPC24xx\IAR-LPC-2478\VirtualCom\Flash
#        Debug\Obj\Terminal_9_12x6.o" "C:\Users\Eric\Documents\IAR Embedded
#        Workbench\arm\7.50.2\NXP\LPC24xx\IAR-LPC-2478\VirtualCom\Flash
#        Debug\Obj\uart.o" "C:\Users\Eric\Documents\IAR Embedded
#        Workbench\arm\7.50.2\NXP\LPC24xx\IAR-LPC-2478\VirtualCom\Flash
#        Debug\Obj\usb_buffer.o" "C:\Users\Eric\Documents\IAR Embedded
#        Workbench\arm\7.50.2\NXP\LPC24xx\IAR-LPC-2478\VirtualCom\Flash
#        Debug\Obj\usb_dev_desc.o" "C:\Users\Eric\Documents\IAR Embedded
#        Workbench\arm\7.50.2\NXP\LPC24xx\IAR-LPC-2478\VirtualCom\Flash
#        Debug\Obj\usb_hooks.o" "C:\Users\Eric\Documents\IAR Embedded
#        Workbench\arm\7.50.2\NXP\LPC24xx\IAR-LPC-2478\VirtualCom\Flash
#        Debug\Obj\usb_hw.o" "C:\Users\Eric\Documents\IAR Embedded
#        Workbench\arm\7.50.2\NXP\LPC24xx\IAR-LPC-2478\VirtualCom\Flash
#        Debug\Obj\usb_t9.o" --redirect _Printf=_PrintfFull --redirect
#        _Scanf=_ScanfFull -o "C:\Users\Eric\Documents\IAR Embedded
#        Workbench\arm\7.50.2\NXP\LPC24xx\IAR-LPC-2478\VirtualCom\Flash
#        Debug\Exe\virtual_com.out.tmp" --map "C:\Users\Eric\Documents\IAR
#        Embedded
#        Workbench\arm\7.50.2\NXP\LPC24xx\IAR-LPC-2478\VirtualCom\Flash
#        Debug\List\virtual_com.map" --config "C:\Users\Eric\Documents\IAR
#        Embedded
#        Workbench\arm\7.50.2\NXP\LPC24xx\IAR-LPC-2478\VirtualCom\config\LPC2478_Flash.icf"
#        --semihosting --entry __iar_program_start --vfe
#
###############################################################################

*******************************************************************************
*** RUNTIME MODEL ATTRIBUTES
***

CppFlavor       = *
__Heap_Handler  = Basic
__SystemLibrary = DLib


*******************************************************************************
*** PLACEMENT SUMMARY
***

"A1":  place at 0x00000000 { ro section .intvec };
"P1":  place in [from 0x00000000 to 0x000001fb] |
                [from 0x00000200 to 0x0007dfff] { ro };
"P2":  place in [from 0x40000000 to 0x4000003f] |
                [from 0x40000120 to 0x4000ffdf] {
          rw, block CSTACK, block SVC_STACK, block IRQ_STACK, block FIQ_STACK,
          block UND_STACK, block ABT_STACK, block HEAP };
"P6":  place in [from 0x000001fc to 0x000001ff] { section .crp };

  Section            Kind        Address    Size  Object
  -------            ----        -------    ----  ------
"A1":                                       0x3c
  .intvec            ro code  0x00000000    0x3c  cstartup.o [5]
                            - 0x0000003c    0x3c

"P1", part 1 of 2:                          0x44
  .rodata            const    0x0000003c     0x0  zero_init3.o [5]
  .rodata            const    0x0000003c     0x0  copy_init3.o [5]
  Initializer bytes  const    0x0000003c    0x44  <for P2 s0>
                            - 0x00000080    0x44

"P6":                                        0x4
  .crp               const    0x000001fc     0x4  main.o [1]
                            - 0x00000200     0x4

"P1", part 2 of 2:                        0x7dc0
  .rodata            const    0x00000200  0x3000  Terminal_18_24x12.o [1]
  Veneer             ro code  0x00003200    0x10  - Linker created -
  .text              ro code  0x00003210   0xf34  xprintffull.o [3]
  Veneer             ro code  0x00004144     0x4  - Linker created -
  .text              ro code  0x00004148    0x20  strchr.o [5]
  Veneer             ro code  0x00004168     0x4  - Linker created -
  .text              ro code  0x0000416c    0x54  strlen.o [5]
  Veneer             ro code  0x000041c0     0x4  - Linker created -
  .text              ro code  0x000041c4    0x94  memchr.o [5]
  Veneer             ro code  0x00004258     0x4  - Linker created -
  .text              ro code  0x0000425c    0xd4  I64DivMod.o [5]
  Veneer             ro code  0x00004330     0x4  - Linker created -
  .text              ro code  0x00004334    0xd4  ABImemcpy.o [5]
  .text              ro code  0x00004408    0x44  xdnorm.o [4]
  Veneer             ro code  0x0000444c     0x4  - Linker created -
  .text              ro code  0x00004450    0x38  DblCmpLe.o [4]
  Veneer             ro code  0x00004488     0x4  - Linker created -
  .text              ro code  0x0000448c    0x38  DblCmpGe.o [4]
  .text              ro code  0x000044c4   0x120  xdscale.o [4]
  Veneer             ro code  0x000045e4     0x4  - Linker created -
  .text              ro code  0x000045e8    0x60  DblToS32.o [4]
  Veneer             ro code  0x00004648     0x4  - Linker created -
  .text              ro code  0x0000464c    0x60  S32ToDbl.o [4]
  Veneer             ro code  0x000046ac     0x4  - Linker created -
  .text              ro code  0x000046b0   0x1f0  DblSub.o [4]
  Veneer             ro code  0x000048a0     0x4  - Linker created -
  .text              ro code  0x000048a4   0x1d4  I32DivMod.o [5]
  Veneer             ro code  0x00004a78     0x4  - Linker created -
  .text              ro code  0x00004a7c   0x1f8  DblMul.o [4]
  Veneer             ro code  0x00004c74     0x4  - Linker created -
  .text              ro code  0x00004c78   0x338  DblDiv.o [4]
  Veneer             ro code  0x00004fb0     0x4  - Linker created -
  .text              ro code  0x00004fb4    0x3c  DblToU32.o [4]
  Veneer             ro code  0x00004ff0     0x4  - Linker created -
  .text              ro code  0x00004ff4    0x10  U32ToDbl.o [4]
  .text              ro code  0x00005004    0x24  div.o [3]
  .text              ro code  0x00005028     0x4  I64DivZer.o [5]
  .text              ro code  0x0000502c   0x130  DblAdd.o [4]
  .text              ro code  0x0000515c     0x4  IntDivZer.o [5]
  .rodata            const    0x00005160   0xc00  Terminal_9_12x6.o [1]
  .text              ro code  0x00005d60   0xbec  uart.o [1]
  .text              ro code  0x0000694c    0xbc  xxmemxmalloc.o [3]
  .text              ro code  0x00006a08    0x8c  xxmemxfree.o [3]
  .text              ro code  0x00006a94   0x43c  sys.o [1]
  .text              ro code  0x00006ed0    0x2c  xgetmemchunk.o [3]
  .text              ro code  0x00006efc   0x97c  drv_glcd.o [1]
  Veneer             ro code  0x00007878     0xc  - Linker created -
  Veneer             ro code  0x00007884     0x4  - Linker created -
  .text              ro code  0x00007888    0x40  ABIassert.o [6]
  .text              ro code  0x000078c8    0x30  vsprintf.o [3]
  .text              ro code  0x000078f8     0xc  abort.o [3]
  Veneer             ro code  0x00007904     0x4  - Linker created -
  .text              ro code  0x00007908    0x20  exit.o [6]
  Veneer             ro code  0x00007928     0xc  - Linker created -
  .text              ro code  0x00007934    0x58  iarttio.o [6]
  .text              ro code  0x0000798c     0x8  XShttio.o [3]
  .text              ro code  0x00007994   0x258  sdram_64M_32bit_drv.o [1]
  .text              ro code  0x00007bec   0x10c  main.o [1]
  Veneer             ro code  0x00007cf8     0x4  - Linker created -
  .text              ro code  0x00007cfc    0x10  main.o [1]
  .rodata            const    0x00007d0c    0x74  drv_glcd.o [1]
  .text              ro code  0x00007d80    0x58  cstartup.o [5]
  Veneer             ro code  0x00007dd8     0xc  - Linker created -
  Veneer             ro code  0x00007de4     0xc  - Linker created -
  Veneer             ro code  0x00007df0     0xc  - Linker created -
  Veneer             ro code  0x00007dfc     0xc  - Linker created -
  .text              ro code  0x00007e08    0x2c  cmain.o [5]
  .text              ro code  0x00007e34     0x4  low_level_init.o [3]
  .text              ro code  0x00007e38    0x32  data_init.o [5]
  .text              ro code  0x00007e6a     0xa  exit.o [3]
  Veneer             ro code  0x00007e74     0x4  - Linker created -
  .text              ro code  0x00007e78    0x10  cexit.o [5]
  .text              ro code  0x00007e88    0x3c  zero_init3.o [5]
  .text              ro code  0x00007ec4    0x30  copy_init3.o [5]
  .iar.init_table    const    0x00007ef4    0x24  - Linker created -
  .rodata            const    0x00007f18    0x18  drv_glcd.o [1]
  .rodata            const    0x00007f30    0x18  drv_glcd.o [1]
  .rodata            const    0x00007f48    0x14  drv_glcd.o [1]
  .rodata            const    0x00007f5c    0x14  Terminal_18_24x12.o [1]
  .rodata            const    0x00007f70    0x14  Terminal_9_12x6.o [1]
  .rodata            const    0x00007f84    0x10  drv_glcd.o [1]
  .rodata            const    0x00007f94     0xc  drv_glcd.o [1]
  .rodata            const    0x00007fa0     0xc  main.o [1]
  .text              ro code  0x00007fac     0xa  xsprout.o [3]
  .text              ro code  0x00007fb8     0x4  vectortrap.o [5]
  .text              ro code  0x00007fbc     0x4  xreturnswi.o [6]
                            - 0x00007fc0  0x7dc0

Absolute sections, part 1 of 58:             0x4
  .noinit            uninit   0x3fffc000     0x4  sys.o [1]
                            - 0x3fffc004     0x4

Absolute sections, part 2 of 58:             0x4
  .noinit            uninit   0x3fffc010     0x4  sys.o [1]
                            - 0x3fffc014     0x4

Absolute sections, part 3 of 58:             0x4
  .noinit            uninit   0x3fffc020     0x4  usb_hw.o [1]
                            - 0x3fffc024     0x4

Absolute sections, part 4 of 58:             0x4
  .noinit            uninit   0x3fffc030     0x4  sys.o [1]
                            - 0x3fffc034     0x4

Absolute sections, part 5 of 58:             0x4
  .noinit            uninit   0x3fffc040     0x4  sys.o [1]
                            - 0x3fffc044     0x4

Absolute sections, part 6 of 58:             0x4
  .noinit            uninit   0x3fffc050     0x4  sys.o [1]
                            - 0x3fffc054     0x4

Absolute sections, part 7 of 58:             0x4
  .noinit            uninit   0x3fffc060     0x4  sys.o [1]
                            - 0x3fffc064     0x4

Absolute sections, part 8 of 58:             0x4
  .noinit            uninit   0x3fffc070     0x4  sys.o [1]
                            - 0x3fffc074     0x4

Absolute sections, part 9 of 58:             0x4
  .noinit            uninit   0x3fffc080     0x4  sys.o [1]
                            - 0x3fffc084     0x4

Absolute sections, part 10 of 58:            0x4
  .noinit            uninit   0x3fffc090     0x4  sys.o [1]
                            - 0x3fffc094     0x4

"P2", part 1 of 3:                          0x44
  P2 s0                       0x40000120    0x44  <Init block>
    .data            inited   0x40000120    0x18  Terminal_18_24x12.o [1]
    .data            inited   0x40000138    0x18  Terminal_9_12x6.o [1]
    .data            inited   0x40000150     0x8  XShttio.o [3]
    .data            inited   0x40000158     0x4  drv_glcd.o [1]
    .data            inited   0x4000015c     0x4  drv_glcd.o [1]
    .data            inited   0x40000160     0x4  drv_glcd.o [1]
                            - 0x40000164    0x44

"P2", part 2 of 3:                          0x70
  .bss               zero     0x40000164     0x8  xxmemxmalloc.o [3]
  .bss               zero     0x4000016c     0x4  drv_glcd.o [1]
  .bss               zero     0x40000170     0x4  drv_glcd.o [1]
  .bss               zero     0x40000174     0x4  drv_glcd.o [1]
  .bss               zero     0x40000178     0x4  drv_glcd.o [1]
  .bss               zero     0x4000017c     0x4  drv_glcd.o [1]
  .bss               zero     0x40000180     0x4  drv_glcd.o [1]
  .bss               zero     0x40000184     0x4  drv_glcd.o [1]
  .bss               zero     0x40000188     0x4  drv_glcd.o [1]
  .bss               zero     0x4000018c     0x4  drv_glcd.o [1]
  .bss               zero     0x40000190     0x4  drv_glcd.o [1]
  .bss               zero     0x40000194     0x4  drv_glcd.o [1]
  .bss               zero     0x40000198     0x4  drv_glcd.o [1]
  .bss               zero     0x4000019c     0x4  drv_glcd.o [1]
  .bss               zero     0x400001a0     0x4  uart.o [1]
  .bss               zero     0x400001a4     0x4  uart.o [1]
  .bss               zero     0x400001a8     0x4  uart.o [1]
  .bss               zero     0x400001ac     0x4  uart.o [1]
  .bss               zero     0x400001b0     0x4  uart.o [1]
  .bss               zero     0x400001b4     0x4  uart.o [1]
  .bss               zero     0x400001b8     0x4  uart.o [1]
  .bss               zero     0x400001bc     0x4  uart.o [1]
  .bss               zero     0x400001c0     0x4  uart.o [1]
  .bss               zero     0x400001c4     0x4  uart.o [1]
  .bss               zero     0x400001c8     0x4  uart.o [1]
  .bss               zero     0x400001cc     0x4  uart.o [1]
  .bss               zero     0x400001d0     0x4  xgetmemchunk.o [3]
                            - 0x400001d4    0x70

"P2", part 3 of 3:                        0x2840
  CSTACK                      0x400001d8   0x400  <Block>
    CSTACK           uninit   0x400001d8   0x400  <Block tail>
  IRQ_STACK                   0x400005d8   0x400  <Block>
    IRQ_STACK        uninit   0x400005d8   0x400  <Block tail>
  FIQ_STACK                   0x400009d8    0x40  <Block>
    FIQ_STACK        uninit   0x400009d8    0x40  <Block tail>
  HEAP                        0x40000a18  0x2000  <Block>
    HEAP             uninit   0x40000a18  0x2000  <Block tail>
                            - 0x40002a18  0x2840

Absolute sections, part 11 of 58:            0x1
  .noinit            uninit   0xe000c000     0x1  uart.o [1]
                            - 0xe000c001     0x1

Absolute sections, part 12 of 58:            0x9
  .noinit            uninit   0xe000c004     0x4  uart.o [1]
  .noinit            uninit   0xe000c008     0x4  uart.o [1]
  .noinit            uninit   0xe000c00c     0x1  uart.o [1]
                            - 0xe000c00d     0x9

Absolute sections, part 13 of 58:            0x1
  .noinit            uninit   0xe000c014     0x1  uart.o [1]
                            - 0xe000c015     0x1

Absolute sections, part 14 of 58:            0x4
  .noinit            uninit   0xe000c028     0x4  uart.o [1]
                            - 0xe000c02c     0x4

Absolute sections, part 15 of 58:            0x1
  .noinit            uninit   0xe000c030     0x1  uart.o [1]
                            - 0xe000c031     0x1

Absolute sections, part 16 of 58:            0x1
  .noinit            uninit   0xe0010000     0x1  uart.o [1]
                            - 0xe0010001     0x1

Absolute sections, part 17 of 58:            0x9
  .noinit            uninit   0xe0010004     0x4  uart.o [1]
  .noinit            uninit   0xe0010008     0x4  uart.o [1]
  .noinit            uninit   0xe001000c     0x1  uart.o [1]
                            - 0xe001000d     0x9

Absolute sections, part 18 of 58:            0x1
  .noinit            uninit   0xe0010010     0x1  uart.o [1]
                            - 0xe0010011     0x1

Absolute sections, part 19 of 58:            0x1
  .noinit            uninit   0xe0010014     0x1  uart.o [1]
                            - 0xe0010015     0x1

Absolute sections, part 20 of 58:            0x4
  .noinit            uninit   0xe0010028     0x4  uart.o [1]
                            - 0xe001002c     0x4

Absolute sections, part 21 of 58:            0x1
  .noinit            uninit   0xe0010030     0x1  uart.o [1]
                            - 0xe0010031     0x1

Absolute sections, part 22 of 58:            0x4
  .noinit            uninit   0xe0028008     0x4  sys.o [1]
                            - 0xe002800c     0x4

Absolute sections, part 23 of 58:            0x4
  .noinit            uninit   0xe0028018     0x4  sys.o [1]
                            - 0xe002801c     0x4

Absolute sections, part 24 of 58:           0x28
  .noinit            uninit   0xe002c000     0x4  uart.o [1]
  .noinit            uninit   0xe002c004     0x4  usb_hw.o [1]
  .noinit            uninit   0xe002c008     0x4  sys.o [1]
  .noinit            uninit   0xe002c00c     0x4  usb_hw.o [1]
  .noinit            uninit   0xe002c010     0x4  sys.o [1]
  .noinit            uninit   0xe002c014     0x4  sys.o [1]
  .noinit            uninit   0xe002c018     0x4  sys.o [1]
  .noinit            uninit   0xe002c01c     0x4  sys.o [1]
  .noinit            uninit   0xe002c020     0x4  sys.o [1]
  .noinit            uninit   0xe002c024     0x4  uart.o [1]
                            - 0xe002c028    0x28

Absolute sections, part 25 of 58:            0x4
  .noinit            uninit   0xe002c02c     0x4  drv_glcd.o [1]
                            - 0xe002c030     0x4

Absolute sections, part 26 of 58:            0x4
  .noinit            uninit   0xe002c040     0x4  drv_glcd.o [1]
                            - 0xe002c044     0x4

Absolute sections, part 27 of 58:           0x1c
  .noinit            uninit   0xe002c04c     0x4  usb_hw.o [1]
  .noinit            uninit   0xe002c050     0x4  drv_glcd.o [1]
  .noinit            uninit   0xe002c054     0x4  sdram_64M_32bit_drv.o [1]
  .noinit            uninit   0xe002c058     0x4  sdram_64M_32bit_drv.o [1]
  .noinit            uninit   0xe002c05c     0x4  sdram_64M_32bit_drv.o [1]
  .noinit            uninit   0xe002c060     0x4  sdram_64M_32bit_drv.o [1]
  .noinit            uninit   0xe002c064     0x4  sdram_64M_32bit_drv.o [1]
                            - 0xe002c068    0x1c

Absolute sections, part 28 of 58:            0x1
  .noinit            uninit   0xe0078000     0x1  uart.o [1]
                            - 0xe0078001     0x1

Absolute sections, part 29 of 58:            0x9
  .noinit            uninit   0xe0078004     0x4  uart.o [1]
  .noinit            uninit   0xe0078008     0x4  uart.o [1]
  .noinit            uninit   0xe007800c     0x1  uart.o [1]
                            - 0xe007800d     0x9

Absolute sections, part 30 of 58:            0x1
  .noinit            uninit   0xe0078014     0x1  uart.o [1]
                            - 0xe0078015     0x1

Absolute sections, part 31 of 58:            0x4
  .noinit            uninit   0xe0078028     0x4  uart.o [1]
                            - 0xe007802c     0x4

Absolute sections, part 32 of 58:            0x1
  .noinit            uninit   0xe0078030     0x1  uart.o [1]
                            - 0xe0078031     0x1

Absolute sections, part 33 of 58:            0x1
  .noinit            uninit   0xe007c000     0x1  uart.o [1]
                            - 0xe007c001     0x1

Absolute sections, part 34 of 58:            0x9
  .noinit            uninit   0xe007c004     0x4  uart.o [1]
  .noinit            uninit   0xe007c008     0x4  uart.o [1]
  .noinit            uninit   0xe007c00c     0x1  uart.o [1]
                            - 0xe007c00d     0x9

Absolute sections, part 35 of 58:            0x1
  .noinit            uninit   0xe007c014     0x1  uart.o [1]
                            - 0xe007c015     0x1

Absolute sections, part 36 of 58:            0x8
  .noinit            uninit   0xe007c024     0x4  uart.o [1]
  .noinit            uninit   0xe007c028     0x4  uart.o [1]
                            - 0xe007c02c     0x8

Absolute sections, part 37 of 58:            0x1
  .noinit            uninit   0xe007c030     0x1  uart.o [1]
                            - 0xe007c031     0x1

Absolute sections, part 38 of 58:            0x8
  .noinit            uninit   0xe01fc000     0x4  main.o [1]
  .noinit            uninit   0xe01fc004     0x4  main.o [1]
                            - 0xe01fc008     0x8

Absolute sections, part 39 of 58:           0x10
  .noinit            uninit   0xe01fc080     0x4  sys.o [1]
  .noinit            uninit   0xe01fc084     0x4  sys.o [1]
  .noinit            uninit   0xe01fc088     0x4  sys.o [1]
  .noinit            uninit   0xe01fc08c     0x4  sys.o [1]
                            - 0xe01fc090    0x10

Absolute sections, part 40 of 58:            0x4
  .noinit            uninit   0xe01fc0c4     0x4  usb_hw.o [1]
                            - 0xe01fc0c8     0x4

Absolute sections, part 41 of 58:            0xc
  .noinit            uninit   0xe01fc104     0x4  sys.o [1]
  .noinit            uninit   0xe01fc108     0x4  usb_hw.o [1]
  .noinit            uninit   0xe01fc10c     0x4  sys.o [1]
                            - 0xe01fc110     0xc

Absolute sections, part 42 of 58:            0x4
  .noinit            uninit   0xe01fc188     0x4  sys.o [1]
                            - 0xe01fc18c     0x4

Absolute sections, part 43 of 58:            0x4
  .noinit            uninit   0xe01fc1a0     0x4  sys.o [1]
                            - 0xe01fc1a4     0x4

Absolute sections, part 44 of 58:            0x8
  .noinit            uninit   0xe01fc1a8     0x4  sys.o [1]
  .noinit            uninit   0xe01fc1ac     0x4  sys.o [1]
                            - 0xe01fc1b0     0x8

Absolute sections, part 45 of 58:            0x4
  .noinit            uninit   0xe01fc1b8     0x4  drv_glcd.o [1]
                            - 0xe01fc1bc     0x4

Absolute sections, part 46 of 58:            0x4
  .noinit            uninit   0xffe08000     0x4  sdram_64M_32bit_drv.o [1]
                            - 0xffe08004     0x4

Absolute sections, part 47 of 58:            0xc
  .noinit            uninit   0xffe08020     0x4  sdram_64M_32bit_drv.o [1]
  .noinit            uninit   0xffe08024     0x4  sdram_64M_32bit_drv.o [1]
  .noinit            uninit   0xffe08028     0x4  sdram_64M_32bit_drv.o [1]
                            - 0xffe0802c     0xc

Absolute sections, part 48 of 58:           0x2c
  .noinit            uninit   0xffe08030     0x4  sdram_64M_32bit_drv.o [1]
  .noinit            uninit   0xffe08034     0x4  sdram_64M_32bit_drv.o [1]
  .noinit            uninit   0xffe08038     0x4  sdram_64M_32bit_drv.o [1]
  .noinit            uninit   0xffe0803c     0x4  sdram_64M_32bit_drv.o [1]
  .noinit            uninit   0xffe08040     0x4  sdram_64M_32bit_drv.o [1]
  .noinit            uninit   0xffe08044     0x4  sdram_64M_32bit_drv.o [1]
  .noinit            uninit   0xffe08048     0x4  sdram_64M_32bit_drv.o [1]
  .noinit            uninit   0xffe0804c     0x4  sdram_64M_32bit_drv.o [1]
  .noinit            uninit   0xffe08050     0x4  sdram_64M_32bit_drv.o [1]
  .noinit            uninit   0xffe08054     0x4  sdram_64M_32bit_drv.o [1]
  .noinit            uninit   0xffe08058     0x4  sdram_64M_32bit_drv.o [1]
                            - 0xffe0805c    0x2c

Absolute sections, part 49 of 58:            0x8
  .noinit            uninit   0xffe08100     0x4  sdram_64M_32bit_drv.o [1]
  .noinit            uninit   0xffe08104     0x4  sdram_64M_32bit_drv.o [1]
                            - 0xffe08108     0x8

Absolute sections, part 50 of 58:            0xc
  .noinit            uninit   0xffe10000     0x4  drv_glcd.o [1]
  .noinit            uninit   0xffe10004     0x4  drv_glcd.o [1]
  .noinit            uninit   0xffe10008     0x4  drv_glcd.o [1]
                            - 0xffe1000c     0xc

Absolute sections, part 51 of 58:            0xc
  .noinit            uninit   0xffe10010     0x4  drv_glcd.o [1]
  .noinit            uninit   0xffe10014     0x4  drv_glcd.o [1]
  .noinit            uninit   0xffe10018     0x4  drv_glcd.o [1]
                            - 0xffe1001c     0xc

Absolute sections, part 52 of 58:            0x4
  .noinit            uninit   0xffe10200     0x4  drv_glcd.o [1]
                            - 0xffe10204     0x4

Absolute sections, part 53 of 58:            0x4
  .noinit            uninit   0xffe10c00     0x4  drv_glcd.o [1]
                            - 0xffe10c04     0x4

Absolute sections, part 54 of 58:            0xc
  .noinit            uninit   0xfffff00c     0x4  sys.o [1]
  .noinit            uninit   0xfffff010     0x4  usb_hw.o [1]
  .noinit            uninit   0xfffff014     0x4  sys.o [1]
                            - 0xfffff018     0xc

Absolute sections, part 55 of 58:            0x8
  .noinit            uninit   0xfffff01c     0x4  sys.o [1]
  .noinit            uninit   0xfffff020     0x4  sys.o [1]
                            - 0xfffff024     0x8

Absolute sections, part 56 of 58:            0x4
  .noinit            uninit   0xfffff100     0x4  sys.o [1]
                            - 0xfffff104     0x4

Absolute sections, part 57 of 58:            0x4
  .noinit            uninit   0xfffff200     0x4  sys.o [1]
                            - 0xfffff204     0x4

Absolute sections, part 58 of 58:            0x4
  .noinit            uninit   0xffffff00     0x4  usb_hw.o [1]
                            - 0xffffff04     0x4


*******************************************************************************
*** INIT TABLE
***

          Address     Size
          -------     ----
Zero (__iar_zero_init3)
    1 destination range, total size 0x70:
          0x40000164  0x70

Copy (__iar_copy_init3)
    1 source range, total size 0x44:
          0x0000003c  0x44
    1 destination range, total size 0x44:
          0x40000120  0x44



*******************************************************************************
*** MODULE SUMMARY
***

    Module                 ro code  ro data  rw data  rw data
                                                       (abs)
    ------                 -------  -------  -------  -------
C:\Users\Eric\Documents\IAR Embedded Workbench\arm\7.50.2\NXP\LPC24xx\IAR-LPC-2478\VirtualCom\Flash Debug\Obj: [1]
    Terminal_18_24x12.o              12 332       24
    Terminal_9_12x6.o                 3 116       24
    drv_glcd.o               2 428      224       64       48
    main.o                     284       16                 8
    sdram_64M_32bit_drv.o      600                         88
    sys.o                    1 084                        132
    uart.o                   3 052                48       77
    usb_hw.o                                               32
    ---------------------------------------------------------
    Total:                   7 448   15 688      160      385

command line: [2]
    ---------------------------------------------------------
    Total:

dl4t_tln.a: [3]
    XShttio.o                    8        8        8
    abort.o                     12
    div.o                       36
    exit.o                      10
    low_level_init.o             4
    vsprintf.o                  48
    xgetmemchunk.o              44                 4
    xprintffull.o            3 892
    xsprout.o                   10
    xxmemxfree.o               140
    xxmemxmalloc.o             188                 8
    ---------------------------------------------------------
    Total:                   4 392        8       20

m4t_tl.a: [4]
    DblAdd.o                   304
    DblCmpGe.o                  56
    DblCmpLe.o                  56
    DblDiv.o                   824
    DblMul.o                   504
    DblSub.o                   496
    DblToS32.o                  96
    DblToU32.o                  60
    S32ToDbl.o                  96
    U32ToDbl.o                  16
    xdnorm.o                    68
    xdscale.o                  288
    ---------------------------------------------------------
    Total:                   2 864

rt4t_al.a: [5]
    ABImemcpy.o                212
    I32DivMod.o                468
    I64DivMod.o                212
    I64DivZer.o                  4
    IntDivZer.o                  4
    cexit.o                     16
    cmain.o                     44
    copy_init3.o                48
    cstartup.o                 148
    data_init.o                 50
    memchr.o                   148
    strchr.o                    32
    strlen.o                    84
    vectortrap.o                 4
    zero_init3.o                60
    ---------------------------------------------------------
    Total:                   1 534

shs_l.a: [6]
    ABIassert.o                 64
    exit.o                      32
    iarttio.o                   88
    xreturnswi.o                 4
    ---------------------------------------------------------
    Total:                     188

    Gaps                         2
    Linker created             164       36   10 304
-------------------------------------------------------------
    Grand Total:            16 592   15 732   10 484      385


*******************************************************************************
*** ENTRY LIST
***

Entry                      Address    Size  Type      Object
-----                      -------    ----  ----      ------
.iar.init_table$$Base   0x00007ef4           --   Gb  - Linker created -
.iar.init_table$$Limit  0x00007f18           --   Gb  - Linker created -
?main                   0x00007e08          Code  Gb  cmain.o [5]
Abort_Handler           0x00007fb8          Code  Wk  vectortrap.o [5]
CSTACK$$Base            0x400001d8           --   Gb  - Linker created -
CSTACK$$Limit           0x400005d8           --   Gb  - Linker created -
CurrX_Size              0x40000194     0x4  Data  Lc  drv_glcd.o [1]
CurrY_Size              0x40000190     0x4  Data  Lc  drv_glcd.o [1]
FIQ_Handler             0x00006a94     0x4  Code  Gb  sys.o [1]
FIQ_STACK$$Base         0x400009d8           --   Gb  - Linker created -
FIQ_STACK$$Limit        0x40000a18           --   Gb  - Linker created -
FifoPop                 0x00005d8d    0x30  Code  Lc  uart.o [1]
FifoPush                0x00005d61    0x2c  Code  Lc  uart.o [1]
GLCD_Ctrl               0x0000726d    0x62  Code  Gb  drv_glcd.o [1]
GLCD_Cursor_Dis         0x00006efd     0xe  Code  Gb  drv_glcd.o [1]
GLCD_Init               0x00006f11   0x2ce  Code  Gb  drv_glcd.o [1]
GLCD_SetFont            0x000072d9     0xe  Code  Gb  drv_glcd.o [1]
GLCD_SetPallet          0x000071f9    0x32  Code  Gb  drv_glcd.o [1]
GLCD_SetWindow          0x0000730d    0x74  Code  Gb  drv_glcd.o [1]
GLCD_TextCalcWindow     0x0000745d    0xd2  Code  Lc  drv_glcd.o [1]
GLCD_TextSetPos         0x00007385     0xa  Code  Gb  drv_glcd.o [1]
GLCD_print              0x00007821    0x32  Code  Gb  drv_glcd.o [1]
GLCD_putchar            0x00007581   0x29a  Code  Gb  drv_glcd.o [1]
GpioInit                0x00006db9    0x92  Code  Gb  sys.o [1]
HEAP$$Base              0x40000a18           --   Gb  - Linker created -
HEAP$$Limit             0x40002a18           --   Gb  - Linker created -
IRQ_Handler             0x00006a98    0x34  Code  Gb  sys.o [1]
IRQ_STACK$$Base         0x400005d8           --   Gb  - Linker created -
IRQ_STACK$$Limit        0x400009d8           --   Gb  - Linker created -
InitClock               0x00006b33   0x194  Code  Gb  sys.o [1]
LCD_LPBASE              0xffe10014     0x4  Data  Gb  drv_glcd.o [1]
LCD_PAL_BASE            0xffe10200     0x4  Data  Gb  drv_glcd.o [1]
LCD_SET_WINDOW          0x0000739d    0x3c  Code  Lc  drv_glcd.o [1]
LCD_UPBASE              0xffe10010     0x4  Data  Gb  drv_glcd.o [1]
LCD_WRITE_PIXEL         0x000073e9    0x62  Code  Lc  drv_glcd.o [1]
LoadInt                 0x000037e1    0x6c  Code  Lc  xprintffull.o [3]
Prefetch_Handler        0x00007fb8          Code  Wk  vectortrap.o [5]
Region$$Table$$Base     0x00007ef4           --   Gb  - Linker created -
Region$$Table$$Limit    0x00007f18           --   Gb  - Linker created -
SDRAM_BASE_ADDR {Abs}   0xa0000000           --   Gb  command line/config [2]
SDRAM_Init              0x00007995   0x1b6  Code  Gb  sdram_64M_32bit_drv.o [1]
SWI_Handler             0x00007fb8          Code  Wk  vectortrap.o [5]
SYS_GetFpclk            0x00006d4d    0x3c  Code  Gb  sys.o [1]
SYS_GetFsclk            0x00006cc7    0x72  Code  Gb  sys.o [1]
TabSize                 0x40000160     0x4  Data  Lc  drv_glcd.o [1]
Terminal_18_24_12       0x40000120    0x18  Data  Gb  Terminal_18_24x12.o [1]
Terminal_9_12_6         0x40000138    0x18  Data  Gb  Terminal_9_12x6.o [1]
TextBackgndColour       0x40000174     0x4  Data  Lc  drv_glcd.o [1]
TextColour              0x40000170     0x4  Data  Lc  drv_glcd.o [1]
TextStream              0x00000200  0x3000  Data  Lc  Terminal_18_24x12.o [1]
TextStream              0x00005160   0xc00  Data  Lc  Terminal_9_12x6.o [1]
TextX_Pos               0x40000178     0x4  Data  Lc  drv_glcd.o [1]
TextY_Pos               0x4000017c     0x4  Data  Lc  drv_glcd.o [1]
U0RBRTHR                0xe000c000     0x1  Data  Gb  uart.o [1]
U1RBRTHR                0xe0010000     0x1  Data  Gb  uart.o [1]
U2RBRTHR                0xe0078000     0x1  Data  Gb  uart.o [1]
U3RBRTHR                0xe007c000     0x1  Data  Gb  uart.o [1]
Uart0Isr                0x00005dbd    0xca  Code  Lc  uart.o [1]
Uart0LineEvents         0x400001c0     0x4  Data  Gb  uart.o [1]
Uart1Isr                0x00005e87    0xca  Code  Lc  uart.o [1]
Uart1LineEvents         0x400001c4     0x4  Data  Gb  uart.o [1]
Uart2Isr                0x00005f51    0xca  Code  Lc  uart.o [1]
Uart2LineEvents         0x400001c8     0x4  Data  Gb  uart.o [1]
Uart3Isr                0x00006031    0xca  Code  Lc  uart.o [1]
Uart3LineEvents         0x400001cc     0x4  Data  Gb  uart.o [1]
UartCalcDivider         0x0000652d    0x76  Code  Lc  uart.o [1]
UartInit                0x00006149   0x358  Code  Gb  uart.o [1]
UartRead                0x000068ad    0x52  Code  Gb  uart.o [1]
UartSetLineCoding       0x000065a3   0x300  Code  Gb  uart.o [1]
Undefined_Handler       0x00007fb8          Code  Wk  vectortrap.o [5]
VICADDRESS              0xffffff00     0x4  Data  Gb  usb_hw.o [1]
VICVECTADDR0            0xfffff100     0x4  Data  Gb  sys.o [1]
VIC_Init                0x00006acd    0x42  Code  Gb  sys.o [1]
VIC_SetVectoredIRQ      0x00006b0f    0x24  Code  Gb  sys.o [1]
WindX_Size              0x4000018c     0x4  Data  Lc  drv_glcd.o [1]
WindY_Size              0x40000188     0x4  Data  Lc  drv_glcd.o [1]
XL_Win                  0x40000180     0x4  Data  Lc  drv_glcd.o [1]
XR_Win                  0x40000158     0x4  Data  Lc  drv_glcd.o [1]
YD_Win                  0x4000015c     0x4  Data  Lc  drv_glcd.o [1]
YU_Win                  0x40000184     0x4  Data  Lc  drv_glcd.o [1]
_A_AHBCFG1              0xe01fc188     0x4  Data  Gb  sys.o [1]
_A_CCLKCFG              0xe01fc104     0x4  Data  Gb  sys.o [1]
_A_CLKSRCSEL            0xe01fc10c     0x4  Data  Gb  sys.o [1]
_A_CRSR_CTRL            0xffe10c00     0x4  Data  Gb  drv_glcd.o [1]
_A_EMCCONTROL           0xffe08000     0x4  Data  Gb  sdram_64M_32bit_drv.o [1]
_A_EMCDINAMICCTRL       0xffe08020     0x4  Data  Gb  sdram_64M_32bit_drv.o [1]
_A_EMCDINAMICRDCFG      0xffe08028     0x4  Data  Gb  sdram_64M_32bit_drv.o [1]
_A_EMCDINAMICRFR        0xffe08024     0x4  Data  Gb  sdram_64M_32bit_drv.o [1]
_A_EMCDYNAMICAPR        0xffe0803c     0x4  Data  Gb  sdram_64M_32bit_drv.o [1]
_A_EMCDYNAMICCFG0       0xffe08100     0x4  Data  Gb  sdram_64M_32bit_drv.o [1]
_A_EMCDYNAMICDAL        0xffe08040     0x4  Data  Gb  sdram_64M_32bit_drv.o [1]
_A_EMCDYNAMICMRD        0xffe08058     0x4  Data  Gb  sdram_64M_32bit_drv.o [1]
_A_EMCDYNAMICRAS        0xffe08034     0x4  Data  Gb  sdram_64M_32bit_drv.o [1]
_A_EMCDYNAMICRASCAS0    0xffe08104     0x4  Data  Gb  sdram_64M_32bit_drv.o [1]
_A_EMCDYNAMICRC         0xffe08048     0x4  Data  Gb  sdram_64M_32bit_drv.o [1]
_A_EMCDYNAMICRFC        0xffe0804c     0x4  Data  Gb  sdram_64M_32bit_drv.o [1]
_A_EMCDYNAMICRP         0xffe08030     0x4  Data  Gb  sdram_64M_32bit_drv.o [1]
_A_EMCDYNAMICRRD        0xffe08054     0x4  Data  Gb  sdram_64M_32bit_drv.o [1]
_A_EMCDYNAMICSREX       0xffe08038     0x4  Data  Gb  sdram_64M_32bit_drv.o [1]
_A_EMCDYNAMICWR         0xffe08044     0x4  Data  Gb  sdram_64M_32bit_drv.o [1]
_A_EMCDYNAMICXSR        0xffe08050     0x4  Data  Gb  sdram_64M_32bit_drv.o [1]
_A_FIO0DIR              0x3fffc000     0x4  Data  Gb  sys.o [1]
_A_FIO0MASK             0x3fffc010     0x4  Data  Gb  sys.o [1]
_A_FIO1DIR              0x3fffc020     0x4  Data  Gb  usb_hw.o [1]
_A_FIO1MASK             0x3fffc030     0x4  Data  Gb  sys.o [1]
_A_FIO2DIR              0x3fffc040     0x4  Data  Gb  sys.o [1]
_A_FIO2MASK             0x3fffc050     0x4  Data  Gb  sys.o [1]
_A_FIO3DIR              0x3fffc060     0x4  Data  Gb  sys.o [1]
_A_FIO3MASK             0x3fffc070     0x4  Data  Gb  sys.o [1]
_A_FIO4DIR              0x3fffc080     0x4  Data  Gb  sys.o [1]
_A_FIO4MASK             0x3fffc090     0x4  Data  Gb  sys.o [1]
_A_IO0DIR               0xe0028008     0x4  Data  Gb  sys.o [1]
_A_IO1DIR               0xe0028018     0x4  Data  Gb  sys.o [1]
_A_LCD_CFG              0xe01fc1b8     0x4  Data  Gb  drv_glcd.o [1]
_A_LCD_CTRL             0xffe10018     0x4  Data  Gb  drv_glcd.o [1]
_A_LCD_POL              0xffe10008     0x4  Data  Gb  drv_glcd.o [1]
_A_LCD_TIMH             0xffe10000     0x4  Data  Gb  drv_glcd.o [1]
_A_LCD_TIMV             0xffe10004     0x4  Data  Gb  drv_glcd.o [1]
_A_MAMCR                0xe01fc000     0x4  Data  Gb  main.o [1]
_A_MAMTIM               0xe01fc004     0x4  Data  Gb  main.o [1]
_A_PCLKSEL0             0xe01fc1a8     0x4  Data  Gb  sys.o [1]
_A_PCLKSEL1             0xe01fc1ac     0x4  Data  Gb  sys.o [1]
_A_PCONP                0xe01fc0c4     0x4  Data  Gb  usb_hw.o [1]
_A_PINMODE0             0xe002c040     0x4  Data  Gb  drv_glcd.o [1]
_A_PINMODE3             0xe002c04c     0x4  Data  Gb  usb_hw.o [1]
_A_PINMODE4             0xe002c050     0x4  Data  Gb  drv_glcd.o [1]
_A_PINMODE5             0xe002c054     0x4  Data  Gb  sdram_64M_32bit_drv.o [1]
_A_PINMODE6             0xe002c058     0x4  Data  Gb  sdram_64M_32bit_drv.o [1]
_A_PINMODE7             0xe002c05c     0x4  Data  Gb  sdram_64M_32bit_drv.o [1]
_A_PINMODE8             0xe002c060     0x4  Data  Gb  sdram_64M_32bit_drv.o [1]
_A_PINMODE9             0xe002c064     0x4  Data  Gb  sdram_64M_32bit_drv.o [1]
_A_PINSEL0              0xe002c000     0x4  Data  Gb  uart.o [1]
_A_PINSEL1              0xe002c004     0x4  Data  Gb  usb_hw.o [1]
_A_PINSEL11             0xe002c02c     0x4  Data  Gb  drv_glcd.o [1]
_A_PINSEL2              0xe002c008     0x4  Data  Gb  sys.o [1]
_A_PINSEL3              0xe002c00c     0x4  Data  Gb  usb_hw.o [1]
_A_PINSEL4              0xe002c010     0x4  Data  Gb  sys.o [1]
_A_PINSEL5              0xe002c014     0x4  Data  Gb  sys.o [1]
_A_PINSEL6              0xe002c018     0x4  Data  Gb  sys.o [1]
_A_PINSEL7              0xe002c01c     0x4  Data  Gb  sys.o [1]
_A_PINSEL8              0xe002c020     0x4  Data  Gb  sys.o [1]
_A_PINSEL9              0xe002c024     0x4  Data  Gb  uart.o [1]
_A_PLLCFG               0xe01fc084     0x4  Data  Gb  sys.o [1]
_A_PLLCON               0xe01fc080     0x4  Data  Gb  sys.o [1]
_A_PLLFEED              0xe01fc08c     0x4  Data  Gb  sys.o [1]
_A_PLLSTAT              0xe01fc088     0x4  Data  Gb  sys.o [1]
_A_SCS                  0xe01fc1a0     0x4  Data  Gb  sys.o [1]
_A_U0FCR                0xe000c008     0x4  Data  Gb  uart.o [1]
_A_U0FDR                0xe000c028     0x4  Data  Gb  uart.o [1]
_A_U0IER                0xe000c004     0x4  Data  Gb  uart.o [1]
_A_U0LCR                0xe000c00c     0x1  Data  Gb  uart.o [1]
_A_U0LSR                0xe000c014     0x1  Data  Gb  uart.o [1]
_A_U0TER                0xe000c030     0x1  Data  Gb  uart.o [1]
_A_U1FCR                0xe0010008     0x4  Data  Gb  uart.o [1]
_A_U1FDR                0xe0010028     0x4  Data  Gb  uart.o [1]
_A_U1IER                0xe0010004     0x4  Data  Gb  uart.o [1]
_A_U1LCR                0xe001000c     0x1  Data  Gb  uart.o [1]
_A_U1LSR                0xe0010014     0x1  Data  Gb  uart.o [1]
_A_U1MCR                0xe0010010     0x1  Data  Gb  uart.o [1]
_A_U1TER                0xe0010030     0x1  Data  Gb  uart.o [1]
_A_U2FCR                0xe0078008     0x4  Data  Gb  uart.o [1]
_A_U2FDR                0xe0078028     0x4  Data  Gb  uart.o [1]
_A_U2IER                0xe0078004     0x4  Data  Gb  uart.o [1]
_A_U2LCR                0xe007800c     0x1  Data  Gb  uart.o [1]
_A_U2LSR                0xe0078014     0x1  Data  Gb  uart.o [1]
_A_U2TER                0xe0078030     0x1  Data  Gb  uart.o [1]
_A_U3FCR                0xe007c008     0x4  Data  Gb  uart.o [1]
_A_U3FDR                0xe007c028     0x4  Data  Gb  uart.o [1]
_A_U3ICR                0xe007c024     0x4  Data  Gb  uart.o [1]
_A_U3IER                0xe007c004     0x4  Data  Gb  uart.o [1]
_A_U3LCR                0xe007c00c     0x1  Data  Gb  uart.o [1]
_A_U3LSR                0xe007c014     0x1  Data  Gb  uart.o [1]
_A_U3TER                0xe007c030     0x1  Data  Gb  uart.o [1]
_A_USBCLKCFG            0xe01fc108     0x4  Data  Gb  usb_hw.o [1]
_A_VICINTENABLE         0xfffff010     0x4  Data  Gb  usb_hw.o [1]
_A_VICINTENCLEAR        0xfffff014     0x4  Data  Gb  sys.o [1]
_A_VICINTSELECT         0xfffff00c     0x4  Data  Gb  sys.o [1]
_A_VICPROTECTION        0xfffff020     0x4  Data  Gb  sys.o [1]
_A_VICSOFTINTCLEAR      0xfffff01c     0x4  Data  Gb  sys.o [1]
_A_VICVECTPRIORITY0     0xfffff200     0x4  Data  Gb  sys.o [1]
_GenldFull              0x00003e39   0x2b8  Code  Lc  xprintffull.o [3]
_LdtobFull              0x00003985   0x49e  Code  Lc  xprintffull.o [3]
_LitobFull              0x0000384d   0x134  Code  Lc  xprintffull.o [3]
_PrintfFull             0x00003211   0x5d0  Code  Gb  xprintffull.o [3]
_PutcharsFull           0x000040f1    0x36  Code  Lc  xprintffull.o [3]
_SProut                 0x00007fad     0xa  Code  Gb  xsprout.o [3]
__aeabi_assert          0x00007888    0x40  Code  Gb  ABIassert.o [6]
__aeabi_cdcmple         0x00004450          Code  Gb  DblCmpLe.o [4]
__aeabi_cdrcmple        0x0000448c          Code  Gb  DblCmpGe.o [4]
__aeabi_d2iz            0x000045e8          Code  Gb  DblToS32.o [4]
__aeabi_d2uiz           0x00004fb4          Code  Gb  DblToU32.o [4]
__aeabi_ddiv            0x00004c78          Code  Gb  DblDiv.o [4]
__aeabi_dmul            0x00004a7c          Code  Gb  DblMul.o [4]
__aeabi_dsub            0x000046b0          Code  Gb  DblSub.o [4]
__aeabi_i2d             0x0000464c          Code  Gb  S32ToDbl.o [4]
__aeabi_idiv            0x000048a4          Code  Gb  I32DivMod.o [5]
__aeabi_idiv0           0x0000515c          Code  Gb  IntDivZer.o [5]
__aeabi_idivmod         0x000048a4          Code  Gb  I32DivMod.o [5]
__aeabi_ldiv0           0x00005028          Code  Gb  I64DivZer.o [5]
__aeabi_memcpy          0x00004334          Code  Gb  ABImemcpy.o [5]
__aeabi_memcpy4         0x00004358          Code  Gb  ABImemcpy.o [5]
__aeabi_memcpy8         0x00004358          Code  Gb  ABImemcpy.o [5]
__aeabi_ui2d            0x00004ff4          Code  Gb  U32ToDbl.o [4]
__aeabi_uidiv           0x000048d4          Code  Gb  I32DivMod.o [5]
__aeabi_uidivmod        0x000048d4          Code  Gb  I32DivMod.o [5]
__aeabi_uldivmod        0x0000425c          Code  Gb  I64DivMod.o [5]
__cmain                 0x00007e08          Code  Gb  cmain.o [5]
__data_Aldata           0x40000164     0x8  Data  Gb  xxmemxmalloc.o [3]
__data_GetMemChunk      0x00006ed1    0x2c  Code  Gb  xgetmemchunk.o [3]
__exit                  0x00007908    0x20  Code  Gb  exit.o [6]
__iar_Dnorm             0x00004409    0x44  Code  Gb  xdnorm.o [4]
__iar_Dscale            0x000044c5   0x120  Code  Gb  xdscale.o [4]
__iar_Memchr            0x000041c4          Code  Gb  memchr.o [5]
__iar_Strchr            0x00004148          Code  Gb  strchr.o [5]
__iar_close_ttio        0x00007934    0x58  Code  Gb  iarttio.o [6]
__iar_copy_init3        0x00007ec5    0x30  Code  Gb  copy_init3.o [5]
__iar_dadd              0x0000502c          Code  Gb  DblAdd.o [4]
__iar_data_init3        0x00007e39    0x30  Code  Gb  data_init.o [5]
__iar_dsub              0x000046c0          Code  Gb  DblSub.o [4]
__iar_dsubStart         0x000046e0          Code  Gb  DblSub.o [4]
__iar_enable_interrupt  0x00007cfc          Code  Gb  main.o [1]
__iar_i2d               0x00004660          Code  Gb  S32ToDbl.o [4]
__iar_lookup_ttioh      0x0000798d     0x8  Code  Gb  XShttio.o [3]
__iar_program_start     0x00007d80          Code  Gb  cstartup.o [5]
__iar_return_from_swi   0x00007fbc     0x4  Code  Gb  xreturnswi.o [6]
__iar_ttio_handles      0x40000150     0x8  Data  Lc  XShttio.o [3]
__iar_zero_init3        0x00007e89    0x3c  Code  Gb  zero_init3.o [5]
__low_level_init        0x00007e35     0x4  Code  Gb  low_level_init.o [3]
__vector                0x00000000          Data  Gb  cstartup.o [5]
_call_main              0x00007e1c          Code  Gb  cmain.o [5]
_exit                   0x00007e78          Code  Gb  cexit.o [5]
_main                   0x00007e24          Code  Gb  cmain.o [5]
abort                   0x000078f9     0xc  Code  Gb  abort.o [3]
crp                     0x000001fc     0x4  Data  Gb  main.o [1]
div                     0x00005005    0x24  Code  Gb  div.o [3]
exit                    0x00007e6b     0xa  Code  Gb  exit.o [3]
free                    0x00006a09    0x86  Code  Gb  xxmemxfree.o [3]
main                    0x00007bed   0x10c  Code  Gb  main.o [1]
malloc                  0x0000694d    0xb6  Code  Gb  xxmemxmalloc.o [3]
memchr                  0x000041c4          Code  Gb  memchr.o [5]
pCurrFont               0x4000016c     0x4  Data  Lc  drv_glcd.o [1]
pPix                    0x4000019c     0x4  Data  Lc  drv_glcd.o [1]
pUart0RxFifo            0x400001a0     0x4  Data  Gb  uart.o [1]
pUart0TxFifo            0x400001a4     0x4  Data  Gb  uart.o [1]
pUart1RxFifo            0x400001a8     0x4  Data  Gb  uart.o [1]
pUart1TxFifo            0x400001ac     0x4  Data  Gb  uart.o [1]
pUart2RxFifo            0x400001b0     0x4  Data  Gb  uart.o [1]
pUart2TxFifo            0x400001b4     0x4  Data  Gb  uart.o [1]
pUart3RxFifo            0x400001b8     0x4  Data  Gb  uart.o [1]
pUart3TxFifo            0x400001bc     0x4  Data  Gb  uart.o [1]
pWind                   0x40000198     0x4  Data  Lc  drv_glcd.o [1]
strchr                  0x00004148          Code  Gb  strchr.o [5]
strlen                  0x0000416c          Code  Gb  strlen.o [5]
vsprintf                0x000078c9    0x30  Code  Gb  vsprintf.o [3]


[1] = C:\Users\Eric\Documents\IAR Embedded Workbench\arm\7.50.2\NXP\LPC24xx\IAR-LPC-2478\VirtualCom\Flash Debug\Obj
[2] = command line
[3] = dl4t_tln.a
[4] = m4t_tl.a
[5] = rt4t_al.a
[6] = shs_l.a

  16 592 bytes of readonly  code memory
  15 732 bytes of readonly  data memory
  10 484 bytes of readwrite data memory (+ 385 absolute)

Errors: none
Warnings: none
